../NRF/Src/MY_NRF24.c:52:6:NRF24_DelayMicroSeconds	24	static
../NRF/Src/MY_NRF24.c:60:6:NRF24_CSN	16	static
../NRF/Src/MY_NRF24.c:67:6:NRF24_CE	16	static
../NRF/Src/MY_NRF24.c:75:9:NRF24_read_register	24	static
../NRF/Src/MY_NRF24.c:91:6:NRF24_read_registerN	24	static
../NRF/Src/MY_NRF24.c:105:6:NRF24_write_register	24	static
../NRF/Src/MY_NRF24.c:117:6:NRF24_write_registerN	24	static
../NRF/Src/MY_NRF24.c:129:6:NRF24_write_payload	24	static
../NRF/Src/MY_NRF24.c:141:6:NRF24_read_payload	24	static
../NRF/Src/MY_NRF24.c:154:6:NRF24_flush_tx	8	static
../NRF/Src/MY_NRF24.c:158:6:NRF24_flush_rx	8	static
../NRF/Src/MY_NRF24.c:162:9:NRF24_get_status	16	static
../NRF/Src/MY_NRF24.c:168:6:NRF24_Reset	16	static
../NRF/Src/MY_NRF24.c:195:6:NRF24_Init	8	static
../NRF/Src/MY_NRF24.c:221:6:NRF24_startListening	8	static
../NRF/Src/MY_NRF24.c:239:6:NRF24_stopListening	8	static
../NRF/Src/MY_NRF24.c:245:6:NRF24_write	32	static
../NRF/Src/MY_NRF24.c:278:6:NRF24_available	8	static
../NRF/Src/MY_NRF24.c:282:6:NRF24_read	24	static
../NRF/Src/MY_NRF24.c:290:6:NRF24_openWritingPipe	24	static
../NRF/Src/MY_NRF24.c:298:6:NRF24_openReadingPipe	24	static
../NRF/Src/MY_NRF24.c:320:6:NRF24_setRetries	16	static
../NRF/Src/MY_NRF24.c:326:6:NRF24_setChannel	24	static
../NRF/Src/MY_NRF24.c:331:6:NRF24_setPayloadSize	24	static
../NRF/Src/MY_NRF24.c:336:9:NRF24_getPayloadSize	4	static
../NRF/Src/MY_NRF24.c:340:9:NRF24_getDynamicPayloadSize	8	static
../NRF/Src/MY_NRF24.c:344:6:NRF24_enableAckPayload	8	static
../NRF/Src/MY_NRF24.c:358:6:NRF24_enableDynamicPayloads	8	static
../NRF/Src/MY_NRF24.c:374:6:NRF24_disableDynamicPayloads	8	static
../NRF/Src/MY_NRF24.c:382:6:NRF24_isNRF_Plus	4	static
../NRF/Src/MY_NRF24.c:386:6:NRF24_setAutoAck	16	static
../NRF/Src/MY_NRF24.c:393:6:NRF24_setAutoAckPipe	24	static
../NRF/Src/MY_NRF24.c:405:6:NRF24_setPALevel	24	static
../NRF/Src/MY_NRF24.c:427:15:NRF24_getPALevel	16	static
../NRF/Src/MY_NRF24.c:485:6:NRF24_setDataRate	24	static
../NRF/Src/MY_NRF24.c:522:17:NRF24_getDataRate	16	static
../NRF/Src/MY_NRF24.c:542:6:NRF24_setCRCLength	24	static
../NRF/Src/MY_NRF24.c:558:18:NRF24_getCRCLength	16	static
../NRF/Src/MY_NRF24.c:572:6:NRF24_disableCRC	16	static
../NRF/Src/MY_NRF24.c:577:6:NRF24_powerUp	8	static
../NRF/Src/MY_NRF24.c:582:6:NRF24_powerDown	8	static
../NRF/Src/MY_NRF24.c:587:6:NRF24_availablePipe	24	static
../NRF/Src/MY_NRF24.c:607:6:NRF24_startWrite	16	static
../NRF/Src/MY_NRF24.c:623:6:NRF24_writeAckPayload	24	static
../NRF/Src/MY_NRF24.c:632:6:NRF24_isAckPayloadAvailable	16	static
../NRF/Src/MY_NRF24.c:638:6:NRF24_whatHappened	32	static
../NRF/Src/MY_NRF24.c:649:6:NRF24_testCarrier	8	static
../NRF/Src/MY_NRF24.c:653:6:NRF24_testRPD	8	static
../NRF/Src/MY_NRF24.c:658:6:NRF24_resetStatus	8	static
../NRF/Src/MY_NRF24.c:664:6:NRF24_ACTIVATE_cmd	16	static
../NRF/Src/MY_NRF24.c:674:9:NRF24_GetAckPayloadSize	4	static
../NRF/Src/MY_NRF24.c:678:6:printRadioSettings	40	static
../NRF/Src/MY_NRF24.c:808:6:printStatusReg	32	static
../NRF/Src/MY_NRF24.c:821:6:printConfigReg	16	static
../NRF/Src/MY_NRF24.c:831:6:printFIFOstatus	24	static
../NRF/Src/MY_NRF24.c:843:6:NRF24_SoftwareReset	16	static
